
> web@0.0.1 build
> astro build

(node:9072) [DEP0205] DeprecationWarning: `module.register()` is deprecated. Use `module.registerHooks()` instead.
(Use `node --trace-deprecation ...` to show where the warning was created)
[2m19:50:43[22m [34m[vite][39m Re-optimizing dependencies because vite config has changed
[2m19:50:43[22m [34m[content][39m Syncing content
[2m19:50:43[22m [34m[content][39m Synced content
[2m19:50:43[22m [34m[types][39m Generated [2m328ms[22m
[2m19:50:43[22m [34m[build][39m output: [34m"static"[39m
[2m19:50:43[22m [34m[build][39m mode: [34m"static"[39m
[2m19:50:43[22m [34m[build][39m directory: [34mC:\Users\ACER\newgen-olopsc\apps\web\dist\[39m
[2m19:50:43[22m [34m[build][39m Collecting build info...
[2m19:50:43[22m [34m[build][39m [32m✓ Completed in 363ms.[39m
[2m19:50:43[22m [34m[build][39m Building static entrypoints...
[33m[1m19:50:51[22m [WARN] [vite][39m 
/patterns/grid.svg referenced in /patterns/grid.svg didn't resolve at build time, it will remain unchanged to be resolved at runtime
[33m[1m19:50:51[22m [WARN] [vite][39m 
../assets/fonts/PlayfairDisplay-Medium.woff referenced in ../assets/fonts/PlayfairDisplay-Medium.woff didn't resolve at build time, it will remain unchanged to be resolved at runtime
[33m[1m19:50:51[22m [WARN] [vite][39m 
../assets/fonts/PlayfairDisplay-Semibold.woff referenced in ../assets/fonts/PlayfairDisplay-Semibold.woff didn't resolve at build time, it will remain unchanged to be resolved at runtime
[33m[1m19:50:52[22m [WARN] [vite][39m [33m"matchHostname", "matchPathname", "matchPort" and "matchProtocol" are imported from external module "@astrojs/internal-helpers/remote" but never used in "../../node_modules/astro/dist/assets/utils/remotePattern.js".[39m
[2m19:50:53[22m [34m[vite][39m [32m✓ built in 9.70s[39m
[2m19:50:53[22m [34m[build][39m [32m✓ Completed in 9.77s.[39m

[42m[30m building client (vite) [39m[49m
[2m19:50:53[22m [34m[vite][39m transforming...
[2m19:50:57[22m [34m[vite][39m [32m✓[39m 2054 modules transformed.
[2m19:50:57[22m [34m[vite][39m rendering chunks...
[2m19:50:57[22m [34m[vite][39m computing gzip size...
[2m19:50:57[22m [34m[vite][39m [2mdist/[22m[36m_astro/index.DBy5LfQW.js   [39m[1m[2m  7.85 kB[22m[1m[22m[2m │ gzip:  3.05 kB[22m
[2m19:50:57[22m [34m[vite][39m [2mdist/[22m[36m_astro/Footer.BJASURlF.js  [39m[1m[2m  8.99 kB[22m[1m[22m[2m │ gzip:  2.89 kB[22m
[2m19:50:57[22m [34m[vite][39m [2mdist/[22m[36m_astro/Header.D8Gf2k4D.js  [39m[1m[2m  9.24 kB[22m[1m[22m[2m │ gzip:  3.62 kB[22m
[2m19:50:57[22m [34m[vite][39m [2mdist/[22m[36m_astro/proxy.oyBWohYO.js   [39m[1m[2m113.98 kB[22m[1m[22m[2m │ gzip: 37.56 kB[22m
[2m19:50:57[22m [34m[vite][39m [2mdist/[22m[36m_astro/client.B9gtdIJJ.js  [39m[1m[2m186.62 kB[22m[1m[22m[2m │ gzip: 58.54 kB[22m
[2m19:50:57[22m [34m[vite][39m [32m✓ built in 4.32s[39m

[42m[30m generating static routes [39m[49m
[2m19:50:58[22m [32m▶[39m src/pages/about.astro
[2m19:50:58[22m   [34m└─[39m [2m/about.html[22m [31m(+661ms)[39m 
[2m19:50:59[22m [32m▶[39m src/pages/admissions/basic-education-admission.astro
[2m19:50:59[22m   [34m└─[39m [2m/admissions/basic-education-admission.html[22m [31m(+576ms)[39m 
[2m19:50:59[22m [32m▶[39m src/pages/admissions/college-admission.astro
[2m19:50:59[22m   [34m└─[39m [2m/admissions/college-admission.html[22m [2m(+77ms)[22m 
[2m19:50:59[22m [32m▶[39m src/pages/admissions/index.astro
[2m19:50:59[22m   [34m└─[39m [2m/admissions.html[22m [2m(+80ms)[22m 
[2m19:51:00[22m [32m▶[39m src/pages/alumni.astro
[2m19:51:00[22m   [34m└─[39m [2m/alumni.html[22m [31m(+1.04s)[39m 
[2m19:51:01[22m [32m▶[39m src/pages/college/business-administration-and-entrepreneurship.astro
[2m19:51:01[22m   [34m└─[39m [2m/college/business-administration-and-entrepreneurship.html[22m [2m(+369ms)[22m 
[2m19:51:01[22m [32m▶[39m src/pages/college/computing-studies.astro
[2m19:51:01[22m   [34m└─[39m [2m/college/computing-studies.html[22m [2m(+371ms)[22m 
[2m19:51:01[22m [32m▶[39m src/pages/college/education-and-liberal-arts.astro
[2m19:51:01[22m   [34m└─[39m [2m/college/education-and-liberal-arts.html[22m [2m(+362ms)[22m 
[2m19:51:02[22m [32m▶[39m src/pages/college/hospitality-management.astro
[2m19:51:02[22m   [34m└─[39m [2m/college/hospitality-management.html[22m [2m(+402ms)[22m 
[2m19:51:02[22m [32m▶[39m src/pages/college/psychology.astro
[2m19:51:02[22m   [34m└─[39m [2m/college/psychology.html[22m [2m(+382ms)[22m 
[2m19:51:03[22m [32m▶[39m src/pages/college/tourism-management.astro
[2m19:51:03[22m   [34m└─[39m [2m/college/tourism-management.html[22m [2m(+353ms)[22m 
[2m19:51:03[22m [32m▶[39m src/pages/college.astro
[2m19:51:03[22m   [34m└─[39m [2m/college.html[22m [31m(+719ms)[39m 
[2m19:51:04[22m [32m▶[39m src/pages/contact.astro
[2m19:51:04[22m   [34m└─[39m [2m/contact.html[22m [2m(+86ms)[22m 
[2m19:51:04[22m [32m▶[39m src/pages/events/[slug].astro
[2m19:51:04[22m   [34m└─[39m [2m/events/understanding-ai.html[22m [2m(+384ms)[22m 
[2m19:51:04[22m [32m▶[39m src/pages/events/index.astro
[2m19:51:04[22m   [34m└─[39m [2m/events.html[22m [2m(+373ms)[22m 
[2m19:51:05[22m [32m▶[39m src/pages/grade-school.astro
[2m19:51:05[22m   [34m└─[39m [2m/grade-school.html[22m [2m(+379ms)[22m 
[2m19:51:05[22m [32m▶[39m src/pages/junior-high-school.astro
[2m19:51:05[22m   [34m└─[39m [2m/junior-high-school.html[22m [2m(+456ms)[22m 
[2m19:51:06[22m [32m▶[39m src/pages/news/[slug].astro
[2m19:51:06[22m   [34m└─[39m [2m/news/commencement-of-college-classes.html[22m [2m(+368ms)[22m 
[2m19:51:06[22m [32m▶[39m src/pages/news/index.astro
[2m19:51:06[22m   [34m└─[39m [2m/news.html[22m [2m(+338ms)[22m 
[2m19:51:07[22m [32m▶[39m src/pages/preschool.astro
[2m19:51:07[22m   [34m└─[39m [2m/preschool.html[22m [2m(+383ms)[22m 
[2m19:51:07[22m [32m▶[39m src/pages/scholarship-programs.astro
[2m19:51:07[22m   [34m└─[39m [2m/scholarship-programs.html[22m [2m(+347ms)[22m 
[2m19:51:07[22m [32m▶[39m src/pages/sdg/[slug].astro
[2m19:51:08[22m   [34m├─[39m [2m/sdg/responsible-consumption-and-production.html[22m [31m(+675ms)[39m 
[2m19:51:08[22m   [34m├─[39m [2m/sdg/industry-innovation-and-infrastructure.html[22m [31m(+649ms)[39m 
[2m19:51:09[22m   [34m├─[39m [2m/sdg/partnerships-for-the-goals.html[22m [31m(+668ms)[39m 
[2m19:51:10[22m   [34m├─[39m [2m/sdg/quality-education.html[22m [31m(+673ms)[39m 
[2m19:51:10[22m   [34m├─[39m [2m/sdg/affordable-and-clean-energy.html[22m [31m(+644ms)[39m 
[2m19:51:11[22m   [34m├─[39m [2m/sdg/decent-work-and-economic-growth.html[22m [31m(+663ms)[39m 
[2m19:51:12[22m   [34m├─[39m [2m/sdg/life-on-land.html[22m [31m(+674ms)[39m 
[2m19:51:12[22m   [34m├─[39m [2m/sdg/climate-action.html[22m [31m(+662ms)[39m 
[2m19:51:13[22m   [34m├─[39m [2m/sdg/reduced-inequalities.html[22m [31m(+662ms)[39m 
[2m19:51:14[22m   [34m├─[39m [2m/sdg/peace-justice-and-strong-institutions.html[22m [31m(+660ms)[39m 
[2m19:51:14[22m   [34m├─[39m [2m/sdg/zero-hunger.html[22m [31m(+672ms)[39m 
[2m19:51:15[22m   [34m├─[39m [2m/sdg/gender-equality.html[22m [31m(+657ms)[39m 
[2m19:51:16[22m   [34m├─[39m [2m/sdg/no-poverty.html[22m [31m(+633ms)[39m 
[2m19:51:16[22m   [34m├─[39m [2m/sdg/sustainable-cities-and-communities.html[22m [31m(+654ms)[39m 
[2m19:51:17[22m   [34m├─[39m [2m/sdg/life-below-water.html[22m [31m(+678ms)[39m 
[2m19:51:18[22m   [34m├─[39m [2m/sdg/clean-water-and-sanitation.html[22m [31m(+632ms)[39m 
[2m19:51:18[22m   [34m└─[39m [2m/sdg/good-health-and-well-being.html[22m [31m(+673ms)[39m 
[2m19:51:19[22m [32m▶[39m src/pages/senior-high-school.astro
[2m19:51:19[22m   [34m└─[39m [2m/senior-high-school.html[22m [2m(+388ms)[22m 
[2m19:51:19[22m [32m▶[39m src/pages/index.astro
[2m19:51:19[22m   [34m└─[39m [2m/index.html[22m [31m(+1.14s)[39m 
[2m19:51:21[22m [32m▶[39m src/pages/sdg/index.astro
[2m19:51:21[22m   [34m└─[39m [2m/sdg.html[22m [31m(+704ms)[39m 
[2m19:51:21[22m [32m✓ Completed in 24.18s.
[39m
[42m[30m generating optimized images [39m[49m
[2m19:51:21[22m   [32m▶[39m /_astro/sdg-3.BSnpHc7M_29DuhX.webp [2m(reused cache entry)[22m [2m(+5ms)[22m [2m(1/17)[22m
[2m19:51:21[22m   [32m▶[39m /_astro/sdg-1.C0RijTN1_Z7bdo8.webp [2m(reused cache entry)[22m [2m(+6ms)[22m [2m(2/17)[22m
[2m19:51:21[22m   [32m▶[39m /_astro/sdg-4.Bkrp9ALT_uoBr.webp [2m(reused cache entry)[22m [2m(+6ms)[22m [2m(3/17)[22m
[2m19:51:21[22m   [32m▶[39m /_astro/sdg-2.nSGPU0ug_1ulw2C.webp [2m(reused cache entry)[22m [2m(+6ms)[22m [2m(4/17)[22m
[2m19:51:21[22m   [32m▶[39m /_astro/sdg-5.DVyql5vN_Z2d4Pm5.webp [2m(reused cache entry)[22m [2m(+8ms)[22m [2m(5/17)[22m
[2m19:51:21[22m   [32m▶[39m /_astro/sdg-6.CKFzpfhu_Z17Hw5w.webp [2m(reused cache entry)[22m [2m(+8ms)[22m [2m(6/17)[22m
[2m19:51:21[22m   [32m▶[39m /_astro/sdg-7.DyQQJckm_Z3NnEt.webp [2m(reused cache entry)[22m [2m(+8ms)[22m [2m(7/17)[22m
[2m19:51:21[22m   [32m▶[39m /_astro/sdg-8.BMegoKND_1ObGsW.webp [2m(reused cache entry)[22m [2m(+8ms)[22m [2m(8/17)[22m
[2m19:51:21[22m   [32m▶[39m /_astro/sdg-10.Blku7Iq6_r26EK.webp [2m(reused cache entry)[22m [2m(+9ms)[22m [2m(9/17)[22m
[2m19:51:21[22m   [32m▶[39m /_astro/sdg-9.DR8vjh9g_1asM8z.webp [2m(reused cache entry)[22m [2m(+10ms)[22m [2m(10/17)[22m
[2m19:51:21[22m   [32m▶[39m /_astro/sdg-11.DCjOSKN9_1q9c8u.webp [2m(reused cache entry)[22m [2m(+10ms)[22m [2m(11/17)[22m
[2m19:51:21[22m   [32m▶[39m /_astro/sdg-12.CfouTCze_2kxLUV.webp [2m(reused cache entry)[22m [2m(+10ms)[22m [2m(12/17)[22m
[2m19:51:21[22m   [32m▶[39m /_astro/sdg-14.D4QxvKjK_Z1KEesM.webp [2m(reused cache entry)[22m [2m(+10ms)[22m [2m(13/17)[22m
[2m19:51:21[22m   [32m▶[39m /_astro/sdg-15.Bxr5qmQg_OGsIa.webp [2m(reused cache entry)[22m [2m(+11ms)[22m [2m(14/17)[22m
[2m19:51:21[22m   [32m▶[39m /_astro/sdg-13.DWMOvGNA_1IWVms.webp [2m(reused cache entry)[22m [2m(+12ms)[22m [2m(15/17)[22m
[2m19:51:21[22m   [32m▶[39m /_astro/sdg-16.DO-lRtkj_1EhSTs.webp [2m(reused cache entry)[22m [2m(+13ms)[22m [2m(16/17)[22m
[2m19:51:21[22m   [32m▶[39m /_astro/sdg-17.B8X1DCCS_GXfQp.webp [2m(reused cache entry)[22m [2m(+10ms)[22m [2m(17/17)[22m
[2m19:51:21[22m [32m✓ Completed in 18ms.
[39m
[2m19:51:21[22m [34m[@astrojs/sitemap][39m `sitemap-index.xml` created at `dist`
[2m19:51:21[22m [34m[build][39m 41 page(s) built in [1m38.81s[22m
[2m19:51:21[22m [34m[build][39m [1mComplete![22m
